[templatemilk.com/templates/nave/demo-portfolio-dark.html]
[backblue.gif]
[fade.gif]
[index.html]
[templatemilk.com/templates/nave/favicon.ico]
[templatemilk.com/templates/nave/portfolio-style-01-col-4-grid-full.html]
[templatemilk.com/templates/nave/blog-grid.html]
[templatemilk.com/templates/nave/page-portfolio-pricing.html]
[templatemilk.com/templates/nave/images/separator-white.png]
[templatemilk.com/templates/nave/images/portfolio/style-01/21.jpg]
[templatemilk.com/templates/nave/images/portfolio/style-01/22.jpg]
[templatemilk.com/templates/nave/project-style-01.html]
[templatemilk.com/templates/nave/images/portfolio/style-01/23.jpg]
[templatemilk.com/templates/nave/images/portfolio/style-01/24.jpg]
[templatemilk.com/templates/nave/images/portfolio/style-01/03.jpg]
[templatemilk.com/templates/nave/images/portfolio/style-01/01.jpg]
[templatemilk.com/templates/nave/images/portfolio/style-01/02.jpg]
[templatemilk.com/templates/nave/images/portfolio/style-01/04.jpg]
[templatemilk.com/templates/nave/images/portfolio/style-01/17.jpg]
[templatemilk.com/templates/nave/images/portfolio/style-01/18.jpg]
[templatemilk.com/templates/nave/images/portfolio/style-01/19.jpg]
[templatemilk.com/templates/nave/images/portfolio/style-01/20.jpg]
[templatemilk.com/templates/nave/images/portfolio/style-01/05.jpg]
[templatemilk.com/templates/nave/images/portfolio/style-01/06.jpg]
[templatemilk.com/templates/nave/images/portfolio/style-01/07.jpg]
[templatemilk.com/templates/nave/images/portfolio/style-01/08.jpg]
[templatemilk.com/templates/nave/images/portfolio/style-01/13.jpg]
[templatemilk.com/templates/nave/images/portfolio/style-01/14.jpg]
[templatemilk.com/templates/nave/images/portfolio/style-01/15.jpg]
[templatemilk.com/templates/nave/images/portfolio/style-01/16.jpg]
[templatemilk.com/templates/nave/images/portfolio/style-01/09.jpg]
[templatemilk.com/templates/nave/images/portfolio/style-01/10.jpg]
[templatemilk.com/templates/nave/images/portfolio/style-01/11.jpg]
[templatemilk.com/templates/nave/images/portfolio/style-01/12.jpg]
[templatemilk.com/templates/nave/js/jquery.min.js]
[templatemilk.com/templates/nave/js/uikit.min.js]
[templatemilk.com/templates/nave/js/uikit-icons.min.js]
[templatemilk.com/templates/nave/js/bootstrap.min.js]
[templatemilk.com/templates/nave/js/modernizr.js]
[templatemilk.com/templates/nave/js/fontawesome.min.js]
[templatemilk.com/templates/nave/js/contact.js]
[templatemilk.com/templates/nave/js/classie.js]
[templatemilk.com/templates/nave/js/borderMenu.js]
[templatemilk.com/templates/nave/demo-portfolio-dark.html]
[templatemilk.com/templates/nave/images/apple-touch-icon-57x57.html]
[templatemilk.com/templates/nave/images/apple-touch-icon-72x72.html]
[templatemilk.com/templates/nave/images/apple-touch-icon-114x114.html]
[templatemilk.com/templates/nave/css/uikit.min.css]
[templatemilk.com/templates/nave/css/bootstrap.min.css]
[templatemilk.com/templates/nave/css/font-awesome.min.html]
[templatemilk.com/templates/nave/js/custom.js]
[templatemilk.com/templates/nave/images/swipe-black.png]
[templatemilk.com/templates/nave/images/swipe-black-inverse.png]
[templatemilk.com/templates/nave/images/overlay-1.png]
[templatemilk.com/templates/nave/images/overlay-2.png]
[templatemilk.com/templates/nave/images/backgrounds/bg-11.jpg]
[templatemilk.com/templates/nave/images/backgrounds/bg-01.jpg]
[templatemilk.com/templates/nave/images/backgrounds/bg-02.jpg]
[templatemilk.com/templates/nave/images/backgrounds/bg-03.jpg]
[templatemilk.com/templates/nave/images/backgrounds/bg-04.jpg]
[templatemilk.com/templates/nave/images/backgrounds/bg-05.jpg]
[templatemilk.com/templates/nave/images/backgrounds/bg-06.jpg]
[templatemilk.com/templates/nave/images/backgrounds/bg-07.jpg]
[templatemilk.com/templates/nave/images/backgrounds/bg-08.jpg]
[templatemilk.com/templates/nave/images/backgrounds/bg-09.jpg]
[templatemilk.com/templates/nave/images/backgrounds/bg-10.jpg]
[templatemilk.com/templates/nave/images/backgrounds/bg-12.jpg]
[templatemilk.com/templates/nave/images/backgrounds/bg-13.jpg]
[templatemilk.com/templates/nave/css/style.css]
[templatemilk.com/templates/nave/fonts/demoicons/minicons-webalys.eot]
[templatemilk.com/templates/nave/fonts/demoicons/minicons-webalysd41d.eot]
[templatemilk.com/templates/nave/fonts/demoicons/minicons-webalys.ttf]
[templatemilk.com/templates/nave/fonts/demoicons/minicons-webalys.woff]
[templatemilk.com/templates/nave/fonts/demoicons/FontAwesome.eot]
[templatemilk.com/templates/nave/fonts/demoicons/FontAwesomed41d.eot]
[templatemilk.com/templates/nave/fonts/demoicons/FontAwesome.woff]
[templatemilk.com/templates/nave/fonts/demoicons/FontAwesome.ttf]
[templatemilk.com/templates/nave/css/navigation.css]
[templatemilk.com/templates/nave/css/responsive.css]
[templatemilk.com/templates/nave/index.html]
[templatemilk.com/templates/nave/demo-portfolio-onepage.html]
[templatemilk.com/templates/nave/portfolio-style-01-col-4-grid-full-gutter.html]
[templatemilk.com/templates/nave/portfolio-style-01-col-4-grid-boxed-gutter.html]
[templatemilk.com/templates/nave/portfolio-style-01-col-4-grid-boxed.html]
[templatemilk.com/templates/nave/portfolio-style-01-col-3-grid-full-gutter.html]
[templatemilk.com/templates/nave/portfolio-style-01-col-3-grid-full.html]
[templatemilk.com/templates/nave/portfolio-style-01-col-3-grid-boxed-gutter.html]
[templatemilk.com/templates/nave/portfolio-style-01-col-3-grid-boxed.html]
[templatemilk.com/templates/nave/page-portfolio-about.html]
[templatemilk.com/templates/nave/page-portfolio-services.html]
[templatemilk.com/templates/nave/page-portfolio-contact.html]
[templatemilk.com/templates/nave/blog-post.html]
[templatemilk.com/templates/nave/blog-post-sidebar-right.html]
[templatemilk.com/templates/nave/portfolio-style-01-col-4-grid-full.html]
[templatemilk.com/templates/nave/blog-grid.html]
[templatemilk.com/templates/nave/page-portfolio-pricing.html]
[templatemilk.com/templates/nave/images/separator.png]
[templatemilk.com/templates/nave/images/project/style-01/05.jpg]
[templatemilk.com/templates/nave/images/project/style-01/09.jpg]
[templatemilk.com/templates/nave/images/project/style-01/01.jpg]
[templatemilk.com/templates/nave/images/project/style-01/02.jpg]
[templatemilk.com/templates/nave/images/project/style-01/06.jpg]
[templatemilk.com/templates/nave/images/project/style-01/03.jpg]
[templatemilk.com/templates/nave/images/project/style-01/07.jpg]
[templatemilk.com/templates/nave/images/project/style-01/04.jpg]
[templatemilk.com/templates/nave/project-style-01.html]
[templatemilk.com/templates/nave/images/swipe-white.html]
[templatemilk.com/templates/nave/images/swipe-white-inverse.html]
[templatemilk.com/templates/nave/images/backgrounds/bg-img-47.html]
[templatemilk.com/templates/nave/images/backgrounds/bg-img-48.html]
[templatemilk.com/templates/nave/images/backgrounds/bg-img-50.html]
[templatemilk.com/templates/nave/images/backgrounds/bg-img-51.html]
[templatemilk.com/templates/nave/images/backgrounds/bg-img-39.html]
[templatemilk.com/templates/nave/images/backgrounds/bg-56.html]
[templatemilk.com/templates/nave/images/backgrounds/bg-60.html]
[templatemilk.com/templates/nave/images/backgrounds/bg-14.html]
[templatemilk.com/templates/nave/images/backgrounds/bg-15.html]
[templatemilk.com/templates/nave/images/backgrounds/bg-16.html]
[templatemilk.com/templates/nave/images/backgrounds/bg-17.html]
[templatemilk.com/templates/nave/images/backgrounds/bg-18.html]
[templatemilk.com/templates/nave/images/backgrounds/bg-19.html]
[templatemilk.com/templates/nave/images/backgrounds/bg-20.html]
[templatemilk.com/templates/nave/images/backgrounds/bg-21.html]
[templatemilk.com/templates/nave/images/backgrounds/bg-22.html]
[templatemilk.com/templates/nave/images/backgrounds/bg-23.html]
[templatemilk.com/templates/nave/images/backgrounds/bg-24.html]
[templatemilk.com/templates/nave/images/backgrounds/bg-25.html]
[templatemilk.com/templates/nave/images/backgrounds/bg-26.html]
[templatemilk.com/templates/nave/images/backgrounds/bg-27.html]
[templatemilk.com/templates/nave/images/backgrounds/bg-28.html]
[templatemilk.com/templates/nave/images/backgrounds/bg-29.html]
[templatemilk.com/templates/nave/images/backgrounds/bg-30.html]
[templatemilk.com/templates/nave/images/backgrounds/bg-31.html]
[templatemilk.com/templates/nave/images/backgrounds/bg-32.html]
[templatemilk.com/templates/nave/images/backgrounds/bg-33.html]
[templatemilk.com/templates/nave/images/backgrounds/bg-34.html]
[templatemilk.com/templates/nave/images/backgrounds/bg-35.html]
[templatemilk.com/templates/nave/images/backgrounds/bg-36.html]
[templatemilk.com/templates/nave/images/backgrounds/bg-37.html]
[templatemilk.com/templates/nave/images/backgrounds/bg-38.html]
[templatemilk.com/templates/nave/images/backgrounds/bg-39.html]
[templatemilk.com/templates/nave/images/backgrounds/bg-40.html]
[templatemilk.com/templates/nave/images/backgrounds/bg-41.html]
[templatemilk.com/templates/nave/images/backgrounds/bg-42.html]
[templatemilk.com/templates/nave/images/backgrounds/bg-43.html]
[templatemilk.com/templates/nave/images/backgrounds/bg-44.html]
[templatemilk.com/templates/nave/images/backgrounds/bg-45.html]
[templatemilk.com/templates/nave/images/backgrounds/bg-46.html]
[templatemilk.com/templates/nave/images/backgrounds/bg-47.html]
[templatemilk.com/templates/nave/images/backgrounds/bg-48.html]
[templatemilk.com/templates/nave/images/backgrounds/bg-49.html]
[templatemilk.com/templates/nave/images/backgrounds/bg-50.html]
[templatemilk.com/templates/nave/images/backgrounds/bg-51.html]
[templatemilk.com/templates/nave/images/backgrounds/bg-52.html]
[templatemilk.com/templates/nave/images/backgrounds/bg-53.html]
[templatemilk.com/templates/nave/images/backgrounds/bg-54.html]
[templatemilk.com/templates/nave/images/backgrounds/bg-55.html]
[templatemilk.com/templates/nave/images/backgrounds/bg-57.html]
[templatemilk.com/templates/nave/images/backgrounds/bg-58.html]
[templatemilk.com/templates/nave/images/backgrounds/bg-59.html]
[templatemilk.com/templates/nave/images/backgrounds/bg-img-52.html]
[templatemilk.com/templates/nave/images/backgrounds/bg-img-57.html]
[templatemilk.com/templates/nave/images/backgrounds/bg-img-16.html]
[templatemilk.com/templates/nave/images/backgrounds/bg-img-49.html]
[templatemilk.com/templates/nave/images/backgrounds/bg-15-2.html]
[templatemilk.com/templates/nave/images/backgrounds/bg-img-07.html]
[templatemilk.com/templates/nave/images/backgrounds/bg-img-54.html]
[templatemilk.com/templates/nave/images/backgrounds/bg-img-08.html]
[templatemilk.com/templates/nave/images/backgrounds/bg-img-09.html]
[templatemilk.com/templates/nave/images/backgrounds/bg-img-10.html]
[templatemilk.com/templates/nave/images/backgrounds/bg-img-11.html]
[templatemilk.com/templates/nave/images/backgrounds/bg-img-12.html]
[templatemilk.com/templates/nave/images/backgrounds/bg-img-13.html]
[templatemilk.com/templates/nave/images/backgrounds/bg-img-14.html]
[templatemilk.com/templates/nave/images/backgrounds/bg-img-31.html]
[templatemilk.com/templates/nave/images/backgrounds/bg-img-58.html]
[templatemilk.com/templates/nave/images/backgrounds/bg-img-59.html]
[templatemilk.com/templates/nave/images/backgrounds/bg-img-46.html]
[templatemilk.com/templates/nave/images/backgrounds/bg-img-53.html]
[templatemilk.com/templates/nave/images/backgrounds/bg-img-36.html]
[templatemilk.com/templates/nave/images/backgrounds/bg-img-32.html]
[templatemilk.com/templates/nave/images/backgrounds/bg-img-17.html]
[templatemilk.com/templates/nave/images/backgrounds/bg-img-55.html]
[templatemilk.com/templates/nave/images/backgrounds/bg-66.html]
[templatemilk.com/templates/nave/images/backgrounds/bg-67.html]
[templatemilk.com/templates/nave/images/backgrounds/bg-68.html]
[templatemilk.com/templates/nave/images/backgrounds/bg-img-18.html]
[templatemilk.com/templates/nave/images/backgrounds/bg-img-56.html]
[templatemilk.com/templates/nave/images/backgrounds/bg-img-30.html]
[templatemilk.com/templates/nave/images/backgrounds/bg-img-28.html]
[templatemilk.com/templates/nave/images/backgrounds/bg-img-29.html]
[templatemilk.com/templates/nave/images/backgrounds/bg-img-35.html]
[templatemilk.com/templates/nave/images/backgrounds/bg-img-34.html]
[templatemilk.com/templates/nave/images/backgrounds/bg-img-42.html]
[templatemilk.com/templates/nave/images/backgrounds/bg-img-33.html]
[templatemilk.com/templates/nave/fonts/demoicons/minicons-webalys.svg]
[templatemilk.com/templates/nave/fonts/demoicons/FontAwesome.svg]
[templatemilk.com/templates/nave/css/.md-.md-/images/overlay-1.html]
[templatemilk.com/templates/nave/css/.md-.md-/images/overlay-2.html]
[templatemilk.com/templates/nave/css/.sm-.sm-/images/overlay-1.html]
[templatemilk.com/templates/nave/css/.sm-.sm-/images/overlay-2.html]
[templatemilk.com/templates/nave/css/.xs-.xs-/images/overlay-1.html]
[templatemilk.com/templates/nave/css/.xs-.xs-/images/overlay-2.html]
[templatemilk.com/templates/nave/images/project/style-01/08.jpg]
[templatemilk.com/templates/nave/images/previews/demo-portfolio-onepage.jpg]
[templatemilk.com/templates/nave/demo-portfolio-minimal.html]
[templatemilk.com/templates/nave/images/previews/demo-portfolio-minimal.jpg]
[templatemilk.com/templates/nave/images/previews/demo-portfolio-dark.jpg]
[templatemilk.com/templates/nave/images/previews/portfolio-style-01-col-4-grid-full.jpg]
[templatemilk.com/templates/nave/images/previews/portfolio-style-01-col-4-grid-boxed.jpg]
[templatemilk.com/templates/nave/images/previews/portfolio-style-01-col-4-grid-full-gutter.jpg]
[templatemilk.com/templates/nave/images/previews/portfolio-style-01-col-4-grid-boxed-gutter.jpg]
[templatemilk.com/templates/nave/images/previews/project-style-01.jpg]
[templatemilk.com/templates/nave/index.html]
[templatemilk.com/templates/nave/images/about/01.jpg]
[templatemilk.com/templates/nave/images/about/02.jpg]
[templatemilk.com/templates/nave/images/clients/01.png]
[templatemilk.com/templates/nave/images/clients/02.png]
[templatemilk.com/templates/nave/images/clients/03.png]
[templatemilk.com/templates/nave/images/clients/05.png]
[templatemilk.com/templates/nave/images/clients/06.png]
[templatemilk.com/templates/nave/images/clients/04.png]
[templatemilk.com/templates/nave/demo-portfolio-onepage.html]
[templatemilk.com/templates/nave/portfolio-style-01-col-4-grid-full-gutter.html]
[templatemilk.com/templates/nave/portfolio-style-01-col-4-grid-boxed-gutter.html]
[templatemilk.com/templates/nave/portfolio-style-01-col-4-grid-boxed.html]
[templatemilk.com/templates/nave/portfolio-style-01-col-3-grid-full-gutter.html]
[templatemilk.com/templates/nave/portfolio-style-01-col-3-grid-full.html]
[templatemilk.com/templates/nave/portfolio-style-01-col-3-grid-boxed-gutter.html]
[templatemilk.com/templates/nave/js/counter.js]
[templatemilk.com/templates/nave/portfolio-style-01-col-3-grid-boxed.html]
[templatemilk.com/templates/nave/page-portfolio-about.html]
[templatemilk.com/templates/nave/page-portfolio-services.html]
[templatemilk.com/templates/nave/page-portfolio-contact.html]
[templatemilk.com/templates/nave/images/avatars/01.jpg]
[templatemilk.com/templates/nave/images/avatars/02.jpg]
[templatemilk.com/templates/nave/images/avatars/03.jpg]
[templatemilk.com/templates/nave/images/avatars/04.jpg]
[templatemilk.com/templates/nave/blog-post.html]
[templatemilk.com/templates/nave/images/avatars/05.jpg]
[templatemilk.com/templates/nave/blog-post-sidebar-right.html]
[templatemilk.com/templates/nave/css/niches/restaurant-01.html]
[templatemilk.com/templates/nave/demo-portfolio-minimal.html]
[templatemilk.com/templates/nave/js/jquery-ui.html]
[templatemilk.com/templates/nave/demo-portfolio-multislider.html]
[templatemilk.com/templates/nave/page-cart.html]
